[?7h[40m[2J[40m


[0;1m[5CДДДДДДДДДДДДДДДДДДДДДДДДДДДДДДДДДДДДДДДДДДДДДДДДДДДДДДДДДДДДДДДДДДДД
[5CД [ Main Menu ] [ Access * ][39CД
[5CДДДДДДДДДДДДДДДДДДДДДДДДДДДДДДДДДДДДДДДДДДДДДДДДДДДДДДДДДДДДДДДДДДДД
[5C[0mД[66CД
[5CД   [1m-- motd[56C[0mД
[5CД   [1m-- who[57C[0mД
[5C[1;30mД   [37m-- exit[56C[30mД
[5CД   [37m-- wall[56C[30mД
[5CД[66C-
[5CД[66CД
[5CД[66CД
[5CДДДДДДДДДДДДДДДДДДДДДДДДДДДДДДДДДДДДДДДДДДДДДДДДДДДДДДДДДДДДДДДДДДДД









[0m[255D